=== monitor_sdi_enable
more-v203-2026-09-25/monitor_sdi_enable: 2990848 samples at 25 MHz, segments 12 (gap-marked 0), ch32rv rc 2 in 0.00 s
=== monitor_sdi
more-v203-2026-09-25/monitor_sdi: 124275200 samples at 25 MHz, segments 475 (gap-marked 0), ch32rv rc 0 in 4.45 s
=== monitor_dmdata
more-v203-2026-09-25/monitor_dmdata: 113790208 samples at 25 MHz, segments 435 (gap-marked 0), ch32rv rc 0 in 4.07 s
=== monitor_dmseq
more-v203-2026-09-25/monitor_dmseq: 113938944 samples at 25 MHz, segments 435 (gap-marked 0), ch32rv rc 0 in 4.07 s
=== monitor_rtt
more-v203-2026-09-25/monitor_rtt: 117986304 samples at 25 MHz, segments 451 (gap-marked 0), ch32rv rc 0 in 4.43 s
=== repeat1_target_info
more-v203-2026-09-25/repeat1_target_info: 19473664 samples at 100 MHz, segments 75 (gap-marked 0), ch32rv rc 0 in 0.07 s
=== repeat1_read_ram_256
more-v203-2026-09-25/repeat1_read_ram_256: 19163648 samples at 100 MHz, segments 74 (gap-marked 0), ch32rv rc 0 in 0.07 s
=== repeat2_target_info
more-v203-2026-09-25/repeat2_target_info: 18869760 samples at 100 MHz, segments 72 (gap-marked 0), ch32rv rc 0 in 0.07 s
=== repeat2_read_ram_256
more-v203-2026-09-25/repeat2_read_ram_256: 19586560 samples at 100 MHz, segments 75 (gap-marked 0), ch32rv rc 0 in 0.07 s
=== repeat3_target_info
more-v203-2026-09-25/repeat3_target_info: 18934272 samples at 100 MHz, segments 73 (gap-marked 0), ch32rv rc 0 in 0.06 s
=== repeat3_read_ram_256
more-v203-2026-09-25/repeat3_read_ram_256: 20145664 samples at 100 MHz, segments 77 (gap-marked 0), ch32rv rc 0 in 0.07 s
=== repeat4_target_info
more-v203-2026-09-25/repeat4_target_info: 18294528 samples at 100 MHz, segments 70 (gap-marked 0), ch32rv rc 0 in 0.06 s
=== repeat4_read_ram_256
more-v203-2026-09-25/repeat4_read_ram_256: 19612672 samples at 100 MHz, segments 75 (gap-marked 0), ch32rv rc 0 in 0.07 s
=== repeat5_target_info
more-v203-2026-09-25/repeat5_target_info: 18885888 samples at 100 MHz, segments 73 (gap-marked 0), ch32rv rc 0 in 0.06 s
=== repeat5_read_ram_256
more-v203-2026-09-25/repeat5_read_ram_256: 20765696 samples at 100 MHz, segments 80 (gap-marked 0), ch32rv rc 0 in 0.08 s
=== redetect_0_reset
more-v203-2026-09-25/redetect_0_reset: 22170624 samples at 100 MHz, segments 85 (gap-marked 0), ch32rv rc 0 in 0.10 s
=== redetect_1_after_reset
more-v203-2026-09-25/redetect_1_after_reset: 19538176 samples at 100 MHz, segments 75 (gap-marked 0), ch32rv rc 1 in 0.07 s
=== redetect_2_again
more-v203-2026-09-25/redetect_2_again: 19425280 samples at 100 MHz, segments 75 (gap-marked 0), ch32rv rc 1 in 0.07 s
=== redetect_3_status_then_redetect
more-v203-2026-09-25/redetect_3_status_then_redetect: 18294528 samples at 100 MHz, segments 70 (gap-marked 0), ch32rv rc 1 in 0.06 s
=== redetect_4_target_info
more-v203-2026-09-25/redetect_4_target_info: 18869760 samples at 100 MHz, segments 72 (gap-marked 0), ch32rv rc 0 in 0.06 s
=== recover_power_off
more-v203-2026-09-25/recover_power_off: 12558336 samples at 100 MHz, segments 48 (gap-marked 0), ch32rv rc 2 in 0.00 s
=== recover_nrst
more-v203-2026-09-25/recover_nrst: 12276992 samples at 100 MHz, segments 47 (gap-marked 0), ch32rv rc 2 in 0.00 s
=== recover_unbrick
more-v203-2026-09-25/recover_unbrick: 32442368 samples at 100 MHz, segments 124 (gap-marked 0), ch32rv rc 0 in 0.19 s
=== after_recover_target_info
more-v203-2026-09-25/after_recover_target_info: 18753280 samples at 100 MHz, segments 72 (gap-marked 0), ch32rv rc 0 in 0.06 s
=== redo_redetect_0_reset
more-v203-2026-09-25/redo_redetect_0_reset: 22580992 samples at 100 MHz, segments 87 (gap-marked 0), ch32rv rc 0 in 0.10 s
=== redo_redetect_1_after_reset
more-v203-2026-09-25/redo_redetect_1_after_reset: 18427136 samples at 100 MHz, segments 71 (gap-marked 0), ch32rv rc 0 in 0.06 s
=== redo_redetect_2_again
more-v203-2026-09-25/redo_redetect_2_again: 24279808 samples at 100 MHz, segments 93 (gap-marked 0), ch32rv rc 0 in 0.12 s
=== redo_redetect_3_status_then_redetect
more-v203-2026-09-25/redo_redetect_3_status_then_redetect: 17722880 samples at 100 MHz, segments 68 (gap-marked 0), ch32rv rc 0 in 0.06 s
=== redo_monitor_sdi_on
more-v203-2026-09-25/redo_monitor_sdi_on: 18042880 samples at 100 MHz, segments 69 (gap-marked 0), ch32rv rc 0 in 0.06 s
=== redo_monitor_sdi_off
more-v203-2026-09-25/redo_monitor_sdi_off: 18459392 samples at 100 MHz, segments 71 (gap-marked 0), ch32rv rc 0 in 0.06 s
=== redo_recover_power_off
more-v203-2026-09-25/redo_recover_power_off: 21828352 samples at 100 MHz, segments 84 (gap-marked 0), ch32rv rc 0 in 0.09 s
=== redo_recover_nrst
more-v203-2026-09-25/redo_recover_nrst: 33014016 samples at 100 MHz, segments 126 (gap-marked 0), ch32rv rc 0 in 0.22 s
=== redo_after_recover_target_info
more-v203-2026-09-25/redo_after_recover_target_info: 18869760 samples at 100 MHz, segments 72 (gap-marked 0), ch32rv rc 0 in 0.06 s
