ESP-ROM:esp32p4-eco2-20240710
Build:Jul 10 2024
rst:0x17 (CHIP_USB_UART_RESET),boot:0x8 (SPI_FAST_FLASH_BOOT)
Core0 Saved PC:0x4ff028d6
Core1 Saved PC:0x4fc055fa
SPI mode:DIO, clock div:1
load:0x4ff33ce0,len:0x1174
load:0x4ff29ed0,len:0xd08
load:0x4ff2cbd0,len:0x3518
entry 0x4ff29ed0
# EXP E142 v3 chip=ESP32-P4 fixed-pair timing diagnostic
TRY dio=2 clk=54 half_us=0 attempt=1 valid=0 write_status=1 DMCONTROL data=0x00000001 status=1 parity=ok tail=0x13
DMSTATUS data=0xffffffff status=3 parity=bad tail=0x13
TRY dio=2 clk=54 half_us=0 attempt=2 valid=0 write_status=1 DMCONTROL data=0x00000001 status=1 parity=ok tail=0x13
DMSTATUS data=0xffffffff status=3 parity=bad tail=0x13
TRY dio=2 clk=54 half_us=0 attempt=3 valid=0 write_status=1 DMCONTROL data=0x00000001 status=1 parity=ok tail=0x13
DMSTATUS data=0xffffffff status=3 parity=bad tail=0x13
TRY dio=2 clk=54 half_us=1 attempt=1 valid=0 write_status=1 DMCONTROL data=0x00000001 status=1 parity=ok tail=0x13
DMSTATUS data=0xffffffff status=3 parity=bad tail=0x13
TRY dio=2 clk=54 half_us=1 attempt=2 valid=0 write_status=1 DMCONTROL data=0x00000001 status=1 parity=ok tail=0x13
DMSTATUS data=0xffffffff status=3 parity=bad tail=0x13
TRY dio=2 clk=54 half_us=1 attempt=3 valid=0 write_status=1 DMCONTROL data=0x00000001 status=1 parity=ok tail=0x13
DMSTATUS data=0xffffffff status=3 parity=bad tail=0x13
TRY dio=2 clk=54 half_us=2 attempt=1 valid=0 write_status=1 DMCONTROL data=0x00000001 status=1 parity=ok tail=0x13
DMSTATUS data=0xffffffff status=3 parity=bad tail=0x13
TRY dio=2 clk=54 half_us=2 attempt=2 valid=0 write_status=1 DMCONTROL data=0x00000001 status=1 parity=ok tail=0x13
DMSTATUS data=0xffffffff status=3 parity=bad tail=0x13
TRY dio=2 clk=54 half_us=2 attempt=3 valid=0 write_status=1 DMCONTROL data=0x00000001 status=1 parity=ok tail=0x13
DMSTATUS data=0xffffffff status=3 parity=bad tail=0x13
TRY dio=2 clk=54 half_us=3 attempt=1 valid=0 write_status=1 DMCONTROL data=0x00000001 status=1 parity=ok tail=0x13
DMSTATUS data=0xffffffff status=3 parity=bad tail=0x13
TRY dio=2 clk=54 half_us=3 attempt=2 valid=0 write_status=1 DMCONTROL data=0x00000001 status=1 parity=ok tail=0x13
DMSTATUS data=0xffffffff status=3 parity=bad tail=0x13
TRY dio=2 clk=54 half_us=3 attempt=3 valid=0 write_status=1 DMCONTROL data=0x00000001 status=1 parity=ok tail=0x13
DMSTATUS data=0xffffffff status=3 parity=bad tail=0x13
TRY dio=2 clk=54 half_us=5 attempt=1 valid=0 write_status=1 DMCONTROL data=0x00000001 status=1 parity=ok tail=0x13
DMSTATUS data=0xffffffff status=3 parity=bad tail=0x13
TRY dio=2 clk=54 half_us=5 attempt=2 valid=0 write_status=1 DMCONTROL data=0x00000001 status=1 parity=ok tail=0x13
DMSTATUS data=0xffffffff status=3 parity=bad tail=0x13
TRY dio=2 clk=54 half_us=5 attempt=3 valid=0 write_status=1 DMCONTROL data=0x00000001 status=1 parity=ok tail=0x13
DMSTATUS data=0xffffffff status=3 parity=bad tail=0x13
TRY dio=54 clk=2 half_us=0 attempt=1 valid=0 write_status=3 DMCONTROL data=0xffffffff status=3 parity=bad tail=0x13
DMSTATUS data=0xffffffff status=3 parity=bad tail=0x13
TRY dio=54 clk=2 half_us=0 attempt=2 valid=0 write_status=3 DMCONTROL data=0xffffffff status=3 parity=bad tail=0x13
DMSTATUS data=0xffffffff status=3 parity=bad tail=0x13
TRY dio=54 clk=2 half_us=0 attempt=3 valid=0 write_status=3 DMCONTROL data=0xffffffff status=3 parity=bad tail=0x13
DMSTATUS data=0xffffffff status=3 parity=bad tail=0x13
TRY dio=54 clk=2 half_us=1 attempt=1 valid=0 write_status=3 DMCONTROL data=0xffffffff status=3 parity=bad tail=0x13
DMSTATUS data=0xffffffff status=3 parity=bad tail=0x13
TRY dio=54 clk=2 half_us=1 attempt=2 valid=0 write_status=3 DMCONTROL data=0xffffffff status=3 parity=bad tail=0x13
DMSTATUS data=0xffffffff status=3 parity=bad tail=0x13
TRY dio=54 clk=2 half_us=1 attempt=3 valid=0 write_status=3 DMCONTROL data=0xffffffff status=3 parity=bad tail=0x13
DMSTATUS data=0xffffffff status=3 parity=bad tail=0x13
TRY dio=54 clk=2 half_us=2 attempt=1 valid=0 write_status=3 DMCONTROL data=0xffffffff status=3 parity=bad tail=0x13
DMSTATUS data=0xffffffff status=3 parity=bad tail=0x13
TRY dio=54 clk=2 half_us=2 attempt=2 valid=0 write_status=3 DMCONTROL data=0xffffffff status=3 parity=bad tail=0x13
DMSTATUS data=0xffffffff status=3 parity=bad tail=0x13
TRY dio=54 clk=2 half_us=2 attempt=3 valid=0 write_status=3 DMCONTROL data=0xffffffff status=3 parity=bad tail=0x13
DMSTATUS data=0xffffffff status=3 parity=bad tail=0x13
TRY dio=54 clk=2 half_us=3 attempt=1 valid=0 write_status=3 DMCONTROL data=0xffffffff status=3 parity=bad tail=0x13
DMSTATUS data=0xffffffff status=3 parity=bad tail=0x13
TRY dio=54 clk=2 half_us=3 attempt=2 valid=0 write_status=3 DMCONTROL data=0xffffffff status=3 parity=bad tail=0x13
DMSTATUS data=0xffffffff status=3 parity=bad tail=0x13
TRY dio=54 clk=2 half_us=3 attempt=3 valid=0 write_status=3 DMCONTROL data=0xffffffff status=3 parity=bad tail=0x13
DMSTATUS data=0xffffffff status=3 parity=bad tail=0x13
TRY dio=54 clk=2 half_us=5 attempt=1 valid=0 write_status=3 DMCONTROL data=0xffffffff status=3 parity=bad tail=0x13
DMSTATUS data=0xffffffff status=3 parity=bad tail=0x13
TRY dio=54 clk=2 half_us=5 attempt=2 valid=0 write_status=3 DMCONTROL data=0xffffffff status=3 parity=bad tail=0x13
DMSTATUS data=0xffffffff status=3 parity=bad tail=0x13
TRY dio=54 clk=2 half_us=5 attempt=3 valid=0 write_status=3 DMCONTROL data=0xffffffff status=3 parity=bad tail=0x13
DMSTATUS data=0xffffffff status=3 parity=bad tail=0x13
DONE trials=30 found=0 lines=Hi-Z
