=== monitor_sdi_enable
more-l103-2026-09-25/monitor_sdi_enable: 2713088 samples at 25 MHz, segments 11 (gap-marked 0), ch32rv rc 2 in 0.00 s
=== monitor_sdi
more-l103-2026-09-25/monitor_sdi: 948987648 samples at 25 MHz, segments 3621 (gap-marked 0), ch32rv rc 0 in 34.82 s
=== monitor_dmdata
more-l103-2026-09-25/monitor_dmdata: 112369152 samples at 25 MHz, segments 429 (gap-marked 0), ch32rv rc 0 in 4.08 s
=== monitor_dmseq
more-l103-2026-09-25/monitor_dmseq: 114051840 samples at 25 MHz, segments 436 (gap-marked 0), ch32rv rc 0 in 4.07 s
=== monitor_rtt
more-l103-2026-09-25/monitor_rtt: 124013568 samples at 25 MHz, segments 474 (gap-marked 0), ch32rv rc 0 in 4.44 s
=== repeat1_target_info
more-l103-2026-09-25/repeat1_target_info: 9334528 samples at 50 MHz, segments 36 (gap-marked 0), ch32rv rc 0 in 0.07 s
=== repeat1_read_ram_256
more-l103-2026-09-25/repeat1_read_ram_256: 9825536 samples at 50 MHz, segments 38 (gap-marked 0), ch32rv rc 0 in 0.07 s
=== repeat2_target_info
more-l103-2026-09-25/repeat2_target_info: 9157120 samples at 50 MHz, segments 35 (gap-marked 0), ch32rv rc 0 in 0.07 s
=== repeat2_read_ram_256
more-l103-2026-09-25/repeat2_read_ram_256: 9873920 samples at 50 MHz, segments 38 (gap-marked 0), ch32rv rc 0 in 0.07 s
=== repeat3_target_info
more-l103-2026-09-25/repeat3_target_info: 9418752 samples at 50 MHz, segments 36 (gap-marked 0), ch32rv rc 0 in 0.06 s
=== repeat3_read_ram_256
more-l103-2026-09-25/repeat3_read_ram_256: 9777152 samples at 50 MHz, segments 38 (gap-marked 0), ch32rv rc 0 in 0.07 s
=== repeat4_target_info
more-l103-2026-09-25/repeat4_target_info: 9660672 samples at 50 MHz, segments 37 (gap-marked 0), ch32rv rc 0 in 0.07 s
=== repeat4_read_ram_256
more-l103-2026-09-25/repeat4_read_ram_256: 10167808 samples at 50 MHz, segments 39 (gap-marked 0), ch32rv rc 0 in 0.08 s
=== repeat5_target_info
more-l103-2026-09-25/repeat5_target_info: 9237760 samples at 50 MHz, segments 36 (gap-marked 0), ch32rv rc 0 in 0.07 s
=== repeat5_read_ram_256
more-l103-2026-09-25/repeat5_read_ram_256: 9382912 samples at 50 MHz, segments 36 (gap-marked 0), ch32rv rc 0 in 0.07 s
=== redetect_0_reset
more-l103-2026-09-25/redetect_0_reset: 11314688 samples at 50 MHz, segments 44 (gap-marked 0), ch32rv rc 0 in 0.10 s
=== redetect_1_after_reset
more-l103-2026-09-25/redetect_1_after_reset: 9857792 samples at 50 MHz, segments 38 (gap-marked 0), ch32rv rc 1 in 0.07 s
=== redetect_2_again
more-l103-2026-09-25/redetect_2_again: 9137408 samples at 50 MHz, segments 35 (gap-marked 0), ch32rv rc 1 in 0.07 s
=== redetect_3_status_then_redetect
more-l103-2026-09-25/redetect_3_status_then_redetect: 8992256 samples at 50 MHz, segments 35 (gap-marked 0), ch32rv rc 1 in 0.07 s
=== redetect_4_target_info
more-l103-2026-09-25/redetect_4_target_info: 9056768 samples at 50 MHz, segments 35 (gap-marked 0), ch32rv rc 0 in 0.07 s
=== recover_power_off
more-l103-2026-09-25/recover_power_off: 6049792 samples at 50 MHz, segments 24 (gap-marked 0), ch32rv rc 2 in 0.00 s
=== recover_nrst
more-l103-2026-09-25/recover_nrst: 5933312 samples at 50 MHz, segments 23 (gap-marked 0), ch32rv rc 2 in 0.00 s
=== recover_unbrick
more-l103-2026-09-25/recover_unbrick: 15959552 samples at 50 MHz, segments 61 (gap-marked 0), ch32rv rc 0 in 0.19 s
=== after_recover_target_info
more-l103-2026-09-25/after_recover_target_info: 9580032 samples at 50 MHz, segments 37 (gap-marked 0), ch32rv rc 0 in 0.07 s
=== redo_redetect_0_reset
more-l103-2026-09-25/redo_redetect_0_reset: 11182080 samples at 50 MHz, segments 43 (gap-marked 0), ch32rv rc 0 in 0.10 s
=== redo_redetect_1_after_reset
more-l103-2026-09-25/redo_redetect_1_after_reset: 8811264 samples at 50 MHz, segments 34 (gap-marked 0), ch32rv rc 0 in 0.06 s
=== redo_redetect_2_again
more-l103-2026-09-25/redo_redetect_2_again: 9205504 samples at 50 MHz, segments 36 (gap-marked 0), ch32rv rc 0 in 0.06 s
=== redo_redetect_3_status_then_redetect
more-l103-2026-09-25/redo_redetect_3_status_then_redetect: 9451008 samples at 50 MHz, segments 37 (gap-marked 0), ch32rv rc 0 in 0.07 s
=== redo_monitor_sdi_on
more-l103-2026-09-25/redo_monitor_sdi_on: 9563904 samples at 50 MHz, segments 37 (gap-marked 0), ch32rv rc 0 in 0.07 s
=== redo_monitor_sdi_off
more-l103-2026-09-25/redo_monitor_sdi_off: 9270016 samples at 50 MHz, segments 36 (gap-marked 0), ch32rv rc 0 in 0.06 s
=== redo_recover_power_off
more-l103-2026-09-25/redo_recover_power_off: 8827392 samples at 50 MHz, segments 34 (gap-marked 0), ch32rv rc 0 in 0.05 s
=== redo_recover_nrst
more-l103-2026-09-25/redo_recover_nrst: 8992256 samples at 50 MHz, segments 35 (gap-marked 0), ch32rv rc 0 in 0.06 s
=== redo_after_recover_target_info
more-l103-2026-09-25/redo_after_recover_target_info: 9680384 samples at 50 MHz, segments 37 (gap-marked 0), ch32rv rc 0 in 0.07 s
