ESP-ROM:esp32p4-eco2-20240710
Build:Jul 10 2024
rst:0x17 (CHIP_USB_UART_RESET),boot:0x8 (SPI_FAST_FLASH_BOOT)
Core0 Saved PC:0x4ff028d6
Core1 Saved PC:0x4fc055ea
SPI mode:DIO, clock div:1
load:0x4ff33ce0,len:0x1174
load:0x4ff29ed0,len:0xd08
load:0x4ff2cbd0,len:0x3518
entry 0x4ff29ed0
# EXP E143 v1 P4-X035 pin map
HALT dmstatus=0x00030382
READ RCC_APB2PCENR=0x0000001c
MAP target=PA0 low=0x0021000300003180 high=0x0021400300003180 p4=46
MAP target=PA1 low=0x0021400300003180 high=0x0021c00300003180 p4=47
MAP target=PA2 low=0x0020c00300003180 high=0x0021c00300003180 p4=48
MAP target=PA3 low=0x0021c00300003180 high=0x0023c00300003180 p4=49
MAP target=PA4 low=0x0001400300003180 high=0x0021400300003180 p4=53
MAP target=PA5 low=0x0021400300003180 high=0x0021400300003190 p4=4
MAP target=PA6 low=0x0021400300003190 high=0x0021400300003990 p4=11
MAP target=PA7 low=0x0021400300003180 high=0x00214003000031a0 p4=5
MAP target=PB0 low=0x0021400300002180 high=0x0021400300003180 p4=12
MAP target=PB1 low=0x0021400300003180 high=0x00214003000031c0 p4=6
MAP target=PB3 low=0x00214003000011c0 high=0x00214003000031c0 p4=13
MAP target=PB11 low=0x00214003000031c0 high=0x00214003000033c0 p4=9
MAP target=PB12 low=0x00214003000033c0 high=0x00214003000073c0 p4=14
MAP target=PC10 low=0x00214003000031c0 high=0x00254003000031c0 p4=50
MAP target=PC11 low=0x00214003000031c0 high=0x00314003000031c0 p4=52
MAP target=PC14 low=0x00214003000031c0 high=0x00214003000035c0 p4=10
MAP target=PC15 low=0x00214003000031c0 high=0x002160030000b1c0 p4=15,45
REVERSE p4=4 target=PA2,PA5
REVERSE p4=5 target=PA7
REVERSE p4=6 target=PA5,PB1
REVERSE p4=8 target=PA0,PB1
REVERSE p4=9 target=PB11
REVERSE p4=10 target=PC14
REVERSE p4=11 target=PA6
REVERSE p4=12 target=PB0
REVERSE p4=13 target=PB3
REVERSE p4=14 target=PB12
REVERSE p4=15 target=PC15
REVERSE p4=45 target=PC15
REVERSE p4=46 target=PA0
REVERSE p4=47 target=PA1
REVERSE p4=48 target=PA2
REVERSE p4=49 target=PA3
REVERSE p4=50 target=PA1,PC10
REVERSE p4=52 target=PC11
REVERSE p4=53 target=PA0,PA4
DONE maps=17 reverse_maps=19 target_reset=1 lines=Hi-Z
