ESP-ROM:esp32p4-eco2-20240710
Build:Jul 10 2024
rst:0x17 (CHIP_USB_UART_RESET),boot:0x8 (SPI_FAST_FLASH_BOOT)
Core0 Saved PC:0x4ff028d6
Core1 Saved PC:0x4ff028d6
SPI mode:DIO, clock div:1
load:0x4ff33ce0,len:0x1174
load:0x4ff29ed0,len:0xd08
load:0x4ff2cbd0,len:0x3518
entry 0x4ff29ed0
# EXP E143 v1 P4-X035 pin map
HALT dmstatus=0x00000382
READ RCC_APB2PCENR=0x00000004
MAP target=PA0 low=0x0001000300003180 high=0x0001400300003180 p4=46
MAP target=PA1 low=0x0001400300003180 high=0x0001c00300003180 p4=47
MAP target=PA2 low=0x0000c00300003180 high=0x0001c00300003180 p4=48
MAP target=PA3 low=0x0001c00300003180 high=0x0003c00300003180 p4=49
MAP target=PA4 low=0x0001400300003180 high=0x0021400300003180 p4=53
MAP target=PA5 low=0x0021400300003180 high=0x0021400300003190 p4=4
MAP target=PA6 low=0x0021400300003180 high=0x0021400300003990 p4=4,11
MAP target=PA7 low=0x0021400300003180 high=0x00214003000031a0 p4=5
MAP target=PB0 low=0x0021400300002180 high=0x0021400300003180 p4=12
MAP target=PB1 low=0x0021400300003180 high=0x00214003000031c0 p4=6
MAP target=PB3 low=0x0021400300001180 high=0x0021400300003180 p4=13
MAP target=PB11 low=0x0021400300003180 high=0x0021400300003380 p4=9
MAP target=PB12 low=0x0021400300003380 high=0x0021400300007380 p4=14
MAP target=PB14 low=0x0021400300003180 high=0x0021400300007180 p4=14
MAP target=PC10 low=0x0021400300003180 high=0x0025400300003180 p4=50
MAP target=PC11 low=0x0021400300003180 high=0x0031400300003180 p4=52
MAP target=PC14 low=0x0021400300003180 high=0x0021400300003580 p4=10
MAP target=PC15 low=0x0021400300003180 high=0x002160030000b180 p4=15,45
DONE maps=18 target_reset=1 lines=Hi-Z
